; Synthesizer + Rennwerk fuer 8741 ROM 32678 - alle gegenueber Keyclick v4
; geaenderten Bytes (Ausgabe von MKSYNTH.PY), disassembliert.

; --- 114h-1FFh
114: B8 18  MOV R0,#18h
116: F0     MOV A,@R0
117: B9 0C  MOV R1,#0Ch
119: A1     MOV @R1,A
11A: 18     INC R0
11B: F0     MOV A,@R0
11C: 19     INC R1
11D: A1     MOV @R1,A
11E: FF     MOV A,R7
11F: 19     INC R1
120: A1     MOV @R1,A
121: 19     INC R1
122: B1 00  MOV @R1,#00h
124: 19     INC R1
125: B1 05  MOV @R1,#05h
127: 27     CLR A
128: AA     MOV R2,A
129: AB     MOV R3,A
12A: AE     MOV R6,A
12B: AF     MOV R7,A
12C: D5     SEL RB1
12D: AC     MOV R4,A
12E: AD     MOV R5,A
12F: AE     MOV R6,A
130: AF     MOV R7,A
131: C5     SEL RB0
132: 95     CPL F0
133: 62     MOV T,A
134: 55     STRT T
135: 16 37  JTF 137h
137: 42     MOV A,T
138: 90     MOV STS,A
139: F8     MOV A,R0
13A: 6A     ADD A,R2
13B: A8     MOV R0,A
13C: F9     MOV A,R1
13D: 7B     ADDC A,R3
13E: A9     MOV R1,A
13F: E7     RL A
140: 43 FE  ORL A,#FEh
142: 3A     OUTL P2,A
143: FC     MOV A,R4
144: 6E     ADD A,R6
145: AC     MOV R4,A
146: FD     MOV A,R5
147: 7F     ADDC A,R7
148: AD     MOV R5,A
149: E7     RL A
14A: 43 FE  ORL A,#FEh
14C: D5     SEL RB1
14D: 16 CE  JTF 1CEh
14F: 3A     OUTL P2,A
150: FA     MOV A,R2
151: 6C     ADD A,R4
152: AA     MOV R2,A
153: FB     MOV A,R3
154: 7D     ADDC A,R5
155: AB     MOV R3,A
156: E7     RL A
157: 43 FE  ORL A,#FEh
159: 00     NOP
15A: D6 5E  JNIBF 15Eh
15C: 24 70  JMP 170h
15E: 3A     OUTL P2,A
15F: FE     MOV A,R6
160: E7     RL A
161: DF     XRL A,R7
162: F7     RLC A
163: FE     MOV A,R6
164: F7     RLC A
165: AE     MOV R6,A
166: FF     MOV A,R7
167: F7     RLC A
168: AF     MOV R7,A
169: E7     RL A
16A: 43 FE  ORL A,#FEh
16C: 3A     OUTL P2,A
16D: C5     SEL RB0
16E: 24 37  JMP 137h
170: 76 A6  JF1 1A6h
172: 22     IN A,DBB
173: A9     MOV R1,A
174: B8 0F  MOV R0,#0Fh
176: F0     MOV A,@R0
177: 96 7D  JNZ 17Dh
179: F9     MOV A,R1
17A: A0     MOV @R0,A
17B: 24 8F  JMP 18Fh
17D: A8     MOV R0,A
17E: F9     MOV A,R1
17F: A0     MOV @R0,A
180: F8     MOV A,R0
181: D3 1A  XRL A,#1Ah
183: C6 95  JZ 195h
185: D3 05  XRL A,#05h
187: 96 8B  JNZ 18Bh
189: F9     MOV A,R1
18A: AE     MOV R6,A
18B: B8 0F  MOV R0,#0Fh
18D: B0 00  MOV @R0,#00h
18F: FB     MOV A,R3
190: E7     RL A
191: 43 FE  ORL A,#FEh
193: 24 5E  JMP 15Eh
195: F9     MOV A,R1
196: 07     DEC A
197: 96 8B  JNZ 18Bh
199: 8A 01  ORL P2,#01h
19B: 85     CLR F0
19C: 23 50  MOV A,#50h
19E: 90     MOV STS,A
19F: C5     SEL RB0
1A0: BC 90  MOV R4,#90h
1A2: BD 01  MOV R5,#01h
1A4: 64 B7  JMP 3B7h
1A6: 22     IN A,DBB
1A7: 85     CLR F0
1A8: A9     MOV R1,A
1A9: 8A 01  ORL P2,#01h
1AB: 65     STOP TCNT
1AC: C5     SEL RB0
1AD: B8 18  MOV R0,#18h
1AF: B9 0C  MOV R1,#0Ch
1B1: F1     MOV A,@R1
1B2: A0     MOV @R0,A
1B3: 18     INC R0
1B4: 19     INC R1
1B5: F1     MOV A,@R1
1B6: 20     XCH A,@R0
1B7: AA     MOV R2,A
1B8: 19     INC R1
1B9: F1     MOV A,@R1
1BA: AF     MOV R7,A
1BB: B8 29  MOV R0,#29h
1BD: F0     MOV A,@R0
1BE: 03 CB  ADD A,#CBh
1C0: A3     MOVP A,@A
1C1: 90     MOV STS,A
1C2: FA     MOV A,R2
1C3: D3 05  XRL A,#05h
1C5: C6 C9  JZ 1C9h
1C7: 44 00  JMP 200h
1C9: 04 60  JMP 060h
1CB: C0     DB C0h
1CC: E0     DB E0h
1CD: D0     XRL A,@R0
1CE: B8 11  MOV R0,#11h
1D0: A0     MOV @R0,A
1D1: B8 10  MOV R0,#10h
1D3: F0     MOV A,@R0
1D4: 07     DEC A
1D5: A0     MOV @R0,A
1D6: 96 DC  JNZ 1DCh
1D8: B0 05  MOV @R0,#05h
1DA: 64 56  JMP 356h
1DC: B8 11  MOV R0,#11h
1DE: F0     MOV A,@R0
1DF: 24 4F  JMP 14Fh
1E1: F8     MOV A,R0
1E2: AA     MOV R2,A
1E3: F9     MOV A,R1
1E4: AB     MOV R3,A
1E5: BC 00  MOV R4,#00h
1E7: BE 10  MOV R6,#10h
1E9: 97     CLR C
1EA: FA     MOV A,R2
1EB: F7     RLC A
1EC: AA     MOV R2,A
1ED: FB     MOV A,R3
1EE: F7     RLC A
1EF: AB     MOV R3,A
1F0: FC     MOV A,R4
1F1: F7     RLC A
1F2: AC     MOV R4,A
1F3: E6 F8  JNC 1F8h
1F5: 6D     ADD A,R5
1F6: 24 FB  JMP 1FBh
1F8: 6D     ADD A,R5
1F9: E6 FD  JNC 1FDh
1FB: AC     MOV R4,A
1FC: 1A     INC R2
1FD: EE E9  DJNZ R6,1E9h
1FF: 83     RET

; --- 207h-209h  v4: d8 de 00  neu: d2 d2 ee
; --- 228h-228h  v4: e9  neu: df
; --- 241h-241h  v4: e4  neu: da
; --- 2D2h-2FFh
2D2: 03 E5  ADD A,#E5h
2D4: A3     MOVP A,@A
2D5: B8 29  MOV R0,#29h
2D7: A0     MOV @R0,A
2D8: 44 E1  JMP 2E1h
2DA: 23 C0  MOV A,#C0h
2DC: 90     MOV STS,A
2DD: 04 32  JMP 032h
2DF: B8 29  MOV R0,#29h
2E1: F0     MOV A,@R0
2E2: 03 E8  ADD A,#E8h
2E4: A3     MOVP A,@A
2E5: 90     MOV STS,A
2E6: 04 60  JMP 060h
2E8: C0     DB C0h
2E9: E0     DB E0h
2EA: D0     XRL A,@R0
2EB: 01     DB 01h
2EC: 00     NOP
2ED: 02     OUT DBB,A
2EE: 24 14  JMP 114h
2F0: 86 F0  JOBF 2F0h
2F2: 23 60  MOV A,#60h
2F4: 90     MOV STS,A
2F5: FC     MOV A,R4
2F6: 02     OUT DBB,A
2F7: 86 F7  JOBF 2F7h
2F9: FD     MOV A,R5
2FA: 02     OUT DBB,A
2FB: D5     SEL RB1
2FC: 23 05  MOV A,#05h
2FE: 24 A8  JMP 1A8h

; --- 356h-3FCh
356: B8 80  MOV R0,#80h
358: B9 02  MOV R1,#02h
35A: 89 03  ORL P1,#03h
35C: 14 E9  CALL 0E9h
35E: 99 01  ANL P1,#01h
360: B9 20  MOV R1,#20h
362: 09     IN A,P1
363: 12 70  JB0 370h
365: E9 62  DJNZ R1,362h
367: 64 9A  JMP 39Ah
369: 09     IN A,P1
36A: 12 70  JB0 370h
36C: E9 69  DJNZ R1,369h
36E: 64 9A  JMP 39Ah
370: 00     NOP
371: 00     NOP
372: B9 05  MOV R1,#05h
374: 14 E9  CALL 0E9h
376: 09     IN A,P1
377: 67     RRC A
378: F8     MOV A,R0
379: 67     RRC A
37A: A8     MOV R0,A
37B: F6 83  JC 383h
37D: B9 09  MOV R1,#09h
37F: 14 E9  CALL 0E9h
381: 64 69  JMP 369h
383: D3 B3  XRL A,#B3h
385: 96 89  JNZ 389h
387: 04 D8  JMP 0D8h
389: D3 B3  XRL A,#B3h
38B: A9     MOV R1,A
38C: B8 0D  MOV R0,#0Dh
38E: F0     MOV A,@R0
38F: D3 3E  XRL A,#3Eh
391: C6 9A  JZ 39Ah
393: D3 3E  XRL A,#3Eh
395: 29     XCH A,R1
396: A1     MOV @R1,A
397: 19     INC R1
398: F9     MOV A,R1
399: A0     MOV @R0,A
39A: 86 B5  JOBF 3B5h
39C: B8 0C  MOV R0,#0Ch
39E: F0     MOV A,@R0
39F: 18     INC R0
3A0: D0     XRL A,@R0
3A1: C6 B5  JZ 3B5h
3A3: C8     DEC R0
3A4: F0     MOV A,@R0
3A5: A9     MOV R1,A
3A6: F1     MOV A,@R1
3A7: 02     OUT DBB,A
3A8: 19     INC R1
3A9: F9     MOV A,R1
3AA: 18     INC R0
3AB: D0     XRL A,@R0
3AC: 96 B2  JNZ 3B2h
3AE: B9 2A  MOV R1,#2Ah
3B0: F9     MOV A,R1
3B1: A0     MOV @R0,A
3B2: C8     DEC R0
3B3: F9     MOV A,R1
3B4: A0     MOV @R0,A
3B5: 24 DC  JMP 1DCh
3B7: BA 50  MOV R2,#50h
3B9: BB C3  MOV R3,#C3h
3BB: FA     MOV A,R2
3BC: D5     SEL RB1
3BD: A8     MOV R0,A
3BE: C5     SEL RB0
3BF: FB     MOV A,R3
3C0: D5     SEL RB1
3C1: A9     MOV R1,A
3C2: BD FE  MOV R5,#FEh
3C4: 34 E1  CALL 1E1h
3C6: FB     MOV A,R3
3C7: 96 CD  JNZ 3CDh
3C9: FA     MOV A,R2
3CA: 6D     ADD A,R5
3CB: E6 E0  JNC 3E0h
3CD: FC     MOV A,R4
3CE: 96 DD  JNZ 3DDh
3D0: FA     MOV A,R2
3D1: A8     MOV R0,A
3D2: FB     MOV A,R3
3D3: A9     MOV R1,A
3D4: C5     SEL RB0
3D5: 1C     INC R4
3D6: FC     MOV A,R4
3D7: 96 DA  JNZ 3DAh
3D9: 1D     INC R5
3DA: D5     SEL RB1
3DB: 64 C4  JMP 3C4h
3DD: CD     DEC R5
3DE: 64 C4  JMP 3C4h
3E0: C5     SEL RB0
3E1: 1A     INC R2
3E2: FA     MOV A,R2
3E3: 96 E6  JNZ 3E6h
3E5: 1B     INC R3
3E6: D6 EB  JNIBF 3EBh
3E8: 76 FA  JF1 3FAh
3EA: 22     IN A,DBB
3EB: FB     MOV A,R3
3EC: 67     RRC A
3ED: FA     MOV A,R2
3EE: 67     RRC A
3EF: 03 58  ADD A,#58h
3F1: 86 F4  JOBF 3F4h
3F3: 02     OUT DBB,A
3F4: D3 C8  XRL A,#C8h
3F6: 96 BB  JNZ 3BBh
3F8: 44 F0  JMP 2F0h
3FA: D5     SEL RB1
3FB: 24 A6  JMP 1A6h

; --- 3FFh-3FFh  v4: 94  neu: f1
; 452 Byte weichen von Keyclick v4 ab
